IFÁ ODU V2 PROGRAM ADDRESS MAP
============================================================
000 0x00  1002  GBA A 0x02
001 0x01  2004  GBA B 0x04
002 0x02  8000  PAPO
003 0x03  f700  PRINTY
004 0x04  f800  PRINTRA
005 0x05  f900  PRINTRD
006 0x06  fa00  PRINTR0
007 0x07  fb00  PRINTT
008 0x08  f000  DURO
009 0x09  ----  <free>
010 0x0A  ----  <free>
011 0x0B  ----  <free>
012 0x0C  ----  <free>
013 0x0D  ----  <free>
014 0x0E  ----  <free>
015 0x0F  ----  <free>
016 0x10  ----  <free>
017 0x11  ----  <free>
018 0x12  ----  <free>
019 0x13  ----  <free>
020 0x14  ----  <free>
021 0x15  ----  <free>
022 0x16  ----  <free>
023 0x17  ----  <free>
024 0x18  ----  <free>
025 0x19  ----  <free>
026 0x1A  ----  <free>
027 0x1B  ----  <free>
028 0x1C  ----  <free>
029 0x1D  ----  <free>
030 0x1E  ----  <free>
031 0x1F  ----  <free>
032 0x20  ----  <free>
033 0x21  ----  <free>
034 0x22  ----  <free>
035 0x23  ----  <free>
036 0x24  ----  <free>
037 0x25  ----  <free>
038 0x26  ----  <free>
039 0x27  ----  <free>
040 0x28  ----  <free>
041 0x29  ----  <free>
042 0x2A  ----  <free>
043 0x2B  ----  <free>
044 0x2C  ----  <free>
045 0x2D  ----  <free>
046 0x2E  ----  <free>
047 0x2F  ----  <free>
048 0x30  ----  <free>
049 0x31  ----  <free>
050 0x32  ----  <free>
051 0x33  ----  <free>
052 0x34  ----  <free>
053 0x35  ----  <free>
054 0x36  ----  <free>
055 0x37  ----  <free>
056 0x38  ----  <free>
057 0x39  ----  <free>
058 0x3A  ----  <free>
059 0x3B  ----  <free>
060 0x3C  ----  <free>
061 0x3D  ----  <free>
062 0x3E  ----  <free>
063 0x3F  ----  <free>
064 0x40  ----  <free>
065 0x41  ----  <free>
066 0x42  ----  <free>
067 0x43  ----  <free>
068 0x44  ----  <free>
069 0x45  ----  <free>
070 0x46  ----  <free>
071 0x47  ----  <free>
072 0x48  ----  <free>
073 0x49  ----  <free>
074 0x4A  ----  <free>
075 0x4B  ----  <free>
076 0x4C  ----  <free>
077 0x4D  ----  <free>
078 0x4E  ----  <free>
079 0x4F  ----  <free>
080 0x50  ----  <free>
081 0x51  ----  <free>
082 0x52  ----  <free>
083 0x53  ----  <free>
084 0x54  ----  <free>
085 0x55  ----  <free>
086 0x56  ----  <free>
087 0x57  ----  <free>
088 0x58  ----  <free>
089 0x59  ----  <free>
090 0x5A  ----  <free>
091 0x5B  ----  <free>
092 0x5C  ----  <free>
093 0x5D  ----  <free>
094 0x5E  ----  <free>
095 0x5F  ----  <free>
096 0x60  ----  <free>
097 0x61  ----  <free>
098 0x62  ----  <free>
099 0x63  ----  <free>
100 0x64  ----  <free>
101 0x65  ----  <free>
102 0x66  ----  <free>
103 0x67  ----  <free>
104 0x68  ----  <free>
105 0x69  ----  <free>
106 0x6A  ----  <free>
107 0x6B  ----  <free>
108 0x6C  ----  <free>
109 0x6D  ----  <free>
110 0x6E  ----  <free>
111 0x6F  ----  <free>
112 0x70  ----  <free>
113 0x71  ----  <free>
114 0x72  ----  <free>
115 0x73  ----  <free>
116 0x74  ----  <free>
117 0x75  ----  <free>
118 0x76  ----  <free>
119 0x77  ----  <free>
120 0x78  ----  <free>
121 0x79  ----  <free>
122 0x7A  ----  <free>
123 0x7B  ----  <free>
124 0x7C  ----  <free>
125 0x7D  ----  <free>
126 0x7E  ----  <free>
127 0x7F  ----  <free>
128 0x80  ----  <free>
129 0x81  ----  <free>
130 0x82  ----  <free>
131 0x83  ----  <free>
132 0x84  ----  <free>
133 0x85  ----  <free>
134 0x86  ----  <free>
135 0x87  ----  <free>
136 0x88  ----  <free>
137 0x89  ----  <free>
138 0x8A  ----  <free>
139 0x8B  ----  <free>
140 0x8C  ----  <free>
141 0x8D  ----  <free>
142 0x8E  ----  <free>
143 0x8F  ----  <free>
144 0x90  ----  <free>
145 0x91  ----  <free>
146 0x92  ----  <free>
147 0x93  ----  <free>
148 0x94  ----  <free>
149 0x95  ----  <free>
150 0x96  ----  <free>
151 0x97  ----  <free>
152 0x98  ----  <free>
153 0x99  ----  <free>
154 0x9A  ----  <free>
155 0x9B  ----  <free>
156 0x9C  ----  <free>
157 0x9D  ----  <free>
158 0x9E  ----  <free>
159 0x9F  ----  <free>
160 0xA0  ----  <free>
161 0xA1  ----  <free>
162 0xA2  ----  <free>
163 0xA3  ----  <free>
164 0xA4  ----  <free>
165 0xA5  ----  <free>
166 0xA6  ----  <free>
167 0xA7  ----  <free>
168 0xA8  ----  <free>
169 0xA9  ----  <free>
170 0xAA  ----  <free>
171 0xAB  ----  <free>
172 0xAC  ----  <free>
173 0xAD  ----  <free>
174 0xAE  ----  <free>
175 0xAF  ----  <free>
176 0xB0  ----  <free>
177 0xB1  ----  <free>
178 0xB2  ----  <free>
179 0xB3  ----  <free>
180 0xB4  ----  <free>
181 0xB5  ----  <free>
182 0xB6  ----  <free>
183 0xB7  ----  <free>
184 0xB8  ----  <free>
185 0xB9  ----  <free>
186 0xBA  ----  <free>
187 0xBB  ----  <free>
188 0xBC  ----  <free>
189 0xBD  ----  <free>
190 0xBE  ----  <free>
191 0xBF  ----  <free>
192 0xC0  ----  <free>
193 0xC1  ----  <free>
194 0xC2  ----  <free>
195 0xC3  ----  <free>
196 0xC4  ----  <free>
197 0xC5  ----  <free>
198 0xC6  ----  <free>
199 0xC7  ----  <free>
200 0xC8  ----  <free>
201 0xC9  ----  <free>
202 0xCA  ----  <free>
203 0xCB  ----  <free>
204 0xCC  ----  <free>
205 0xCD  ----  <free>
206 0xCE  ----  <free>
207 0xCF  ----  <free>
208 0xD0  ----  <free>
209 0xD1  ----  <free>
210 0xD2  ----  <free>
211 0xD3  ----  <free>
212 0xD4  ----  <free>
213 0xD5  ----  <free>
214 0xD6  ----  <free>
215 0xD7  ----  <free>
216 0xD8  ----  <free>
217 0xD9  ----  <free>
218 0xDA  ----  <free>
219 0xDB  ----  <free>
220 0xDC  ----  <free>
221 0xDD  ----  <free>
222 0xDE  ----  <free>
223 0xDF  ----  <free>
224 0xE0  ----  <free>
225 0xE1  ----  <free>
226 0xE2  ----  <free>
227 0xE3  ----  <free>
228 0xE4  ----  <free>
229 0xE5  ----  <free>
230 0xE6  ----  <free>
231 0xE7  ----  <free>
232 0xE8  ----  <free>
233 0xE9  ----  <free>
234 0xEA  ----  <free>
235 0xEB  ----  <free>
236 0xEC  ----  <free>
237 0xED  ----  <free>
238 0xEE  ----  <free>
239 0xEF  ----  <free>
240 0xF0  ----  <free>
241 0xF1  ----  <free>
242 0xF2  ----  <free>
243 0xF3  ----  <free>
244 0xF4  ----  <free>
245 0xF5  ----  <free>
246 0xF6  ----  <free>
247 0xF7  ----  <free>
248 0xF8  ----  <free>
249 0xF9  ----  <free>
250 0xFA  ----  <free>
251 0xFB  ----  <free>
252 0xFC  ----  <free>
253 0xFD  ----  <free>
254 0xFE  ----  <free>
255 0xFF  ----  <free>
